﻿  Determinando los proyectos que se van a restaurar...
  Todos los proyectos est├ín actualizados para la restauraci├│n.
C:\Program Files\dotnet\sdk\9.0.306\Microsoft.Common.CurrentVersion.targets(4916,5): warning MSB3026: No se pudo copiar "obj\Debug\net8.0\REPS-backend.dll" en "bin\Debug\net8.0\REPS-backend.dll". Se iniciar├í el reintento 1 dentro de 1000ms. The process cannot access the file 'C:\CLASE\REPS\REPS-backend\bin\Debug\net8.0\REPS-backend.dll' because it is being used by another process. El archivo se ha bloqueado por: "netcoredbg (14328), .NET Host (15684)" [C:\CLASE\REPS\REPS-backend\REPS-backend.csproj]
C:\Program Files\dotnet\sdk\9.0.306\Microsoft.Common.CurrentVersion.targets(4916,5): warning MSB3026: No se pudo copiar "obj\Debug\net8.0\REPS-backend.dll" en "bin\Debug\net8.0\REPS-backend.dll". Se iniciar├í el reintento 2 dentro de 1000ms. The process cannot access the file 'C:\CLASE\REPS\REPS-backend\bin\Debug\net8.0\REPS-backend.dll' because it is being used by another process. El archivo se ha bloqueado por: "netcoredbg (14328), .NET Host (15684)" [C:\CLASE\REPS\REPS-backend\REPS-backend.csproj]
C:\Program Files\dotnet\sdk\9.0.306\Microsoft.Common.CurrentVersion.targets(4916,5): warning MSB3026: No se pudo copiar "obj\Debug\net8.0\REPS-backend.dll" en "bin\Debug\net8.0\REPS-backend.dll". Se iniciar├í el reintento 3 dentro de 1000ms. The process cannot access the file 'C:\CLASE\REPS\REPS-backend\bin\Debug\net8.0\REPS-backend.dll' because it is being used by another process. El archivo se ha bloqueado por: "netcoredbg (14328), .NET Host (15684)" [C:\CLASE\REPS\REPS-backend\REPS-backend.csproj]
C:\Program Files\dotnet\sdk\9.0.306\Microsoft.Common.CurrentVersion.targets(4916,5): warning MSB3026: No se pudo copiar "obj\Debug\net8.0\REPS-backend.dll" en "bin\Debug\net8.0\REPS-backend.dll". Se iniciar├í el reintento 4 dentro de 1000ms. The process cannot access the file 'C:\CLASE\REPS\REPS-backend\bin\Debug\net8.0\REPS-backend.dll' because it is being used by another process. El archivo se ha bloqueado por: "netcoredbg (14328), .NET Host (15684)" [C:\CLASE\REPS\REPS-backend\REPS-backend.csproj]
C:\Program Files\dotnet\sdk\9.0.306\Microsoft.Common.CurrentVersion.targets(4916,5): warning MSB3026: No se pudo copiar "obj\Debug\net8.0\REPS-backend.dll" en "bin\Debug\net8.0\REPS-backend.dll". Se iniciar├í el reintento 5 dentro de 1000ms. The process cannot access the file 'C:\CLASE\REPS\REPS-backend\bin\Debug\net8.0\REPS-backend.dll' because it is being used by another process. El archivo se ha bloqueado por: "netcoredbg (14328), .NET Host (15684)" [C:\CLASE\REPS\REPS-backend\REPS-backend.csproj]
C:\Program Files\dotnet\sdk\9.0.306\Microsoft.Common.CurrentVersion.targets(4916,5): warning MSB3026: No se pudo copiar "obj\Debug\net8.0\REPS-backend.dll" en "bin\Debug\net8.0\REPS-backend.dll". Se iniciar├í el reintento 6 dentro de 1000ms. The process cannot access the file 'C:\CLASE\REPS\REPS-backend\bin\Debug\net8.0\REPS-backend.dll' because it is being used by another process. El archivo se ha bloqueado por: "netcoredbg (14328), .NET Host (15684)" [C:\CLASE\REPS\REPS-backend\REPS-backend.csproj]
C:\Program Files\dotnet\sdk\9.0.306\Microsoft.Common.CurrentVersion.targets(4916,5): warning MSB3026: No se pudo copiar "obj\Debug\net8.0\REPS-backend.dll" en "bin\Debug\net8.0\REPS-backend.dll". Se iniciar├í el reintento 7 dentro de 1000ms. The process cannot access the file 'C:\CLASE\REPS\REPS-backend\bin\Debug\net8.0\REPS-backend.dll' because it is being used by another process. El archivo se ha bloqueado por: "netcoredbg (14328), .NET Host (15684)" [C:\CLASE\REPS\REPS-backend\REPS-backend.csproj]
C:\Program Files\dotnet\sdk\9.0.306\Microsoft.Common.CurrentVersion.targets(4916,5): warning MSB3026: No se pudo copiar "obj\Debug\net8.0\REPS-backend.dll" en "bin\Debug\net8.0\REPS-backend.dll". Se iniciar├í el reintento 8 dentro de 1000ms. The process cannot access the file 'C:\CLASE\REPS\REPS-backend\bin\Debug\net8.0\REPS-backend.dll' because it is being used by another process. El archivo se ha bloqueado por: "netcoredbg (14328), .NET Host (15684)" [C:\CLASE\REPS\REPS-backend\REPS-backend.csproj]
C:\Program Files\dotnet\sdk\9.0.306\Microsoft.Common.CurrentVersion.targets(4916,5): warning MSB3026: No se pudo copiar "obj\Debug\net8.0\REPS-backend.dll" en "bin\Debug\net8.0\REPS-backend.dll". Se iniciar├í el reintento 9 dentro de 1000ms. The process cannot access the file 'C:\CLASE\REPS\REPS-backend\bin\Debug\net8.0\REPS-backend.dll' because it is being used by another process. El archivo se ha bloqueado por: "netcoredbg (14328), .NET Host (15684)" [C:\CLASE\REPS\REPS-backend\REPS-backend.csproj]
C:\Program Files\dotnet\sdk\9.0.306\Microsoft.Common.CurrentVersion.targets(4916,5): warning MSB3026: No se pudo copiar "obj\Debug\net8.0\REPS-backend.dll" en "bin\Debug\net8.0\REPS-backend.dll". Se iniciar├í el reintento 10 dentro de 1000ms. The process cannot access the file 'C:\CLASE\REPS\REPS-backend\bin\Debug\net8.0\REPS-backend.dll' because it is being used by another process. El archivo se ha bloqueado por: "netcoredbg (14328), .NET Host (15684)" [C:\CLASE\REPS\REPS-backend\REPS-backend.csproj]
C:\Program Files\dotnet\sdk\9.0.306\Microsoft.Common.CurrentVersion.targets(4916,5): error MSB3027: No se pudo copiar "obj\Debug\net8.0\REPS-backend.dll" en "bin\Debug\net8.0\REPS-backend.dll". Se super├│ el n├║mero de 10 reintentos. Error. El archivo se ha bloqueado por: "netcoredbg (14328), .NET Host (15684)" [C:\CLASE\REPS\REPS-backend\REPS-backend.csproj]
C:\Program Files\dotnet\sdk\9.0.306\Microsoft.Common.CurrentVersion.targets(4916,5): error MSB3021: No se puede copiar "obj\Debug\net8.0\REPS-backend.dll" en "bin\Debug\net8.0\REPS-backend.dll". The process cannot access the file 'C:\CLASE\REPS\REPS-backend\bin\Debug\net8.0\REPS-backend.dll' because it is being used by another process. [C:\CLASE\REPS\REPS-backend\REPS-backend.csproj]

ERROR al compilar.

C:\Program Files\dotnet\sdk\9.0.306\Microsoft.Common.CurrentVersion.targets(4916,5): warning MSB3026: No se pudo copiar "obj\Debug\net8.0\REPS-backend.dll" en "bin\Debug\net8.0\REPS-backend.dll". Se iniciar├í el reintento 1 dentro de 1000ms. The process cannot access the file 'C:\CLASE\REPS\REPS-backend\bin\Debug\net8.0\REPS-backend.dll' because it is being used by another process. El archivo se ha bloqueado por: "netcoredbg (14328), .NET Host (15684)" [C:\CLASE\REPS\REPS-backend\REPS-backend.csproj]
C:\Program Files\dotnet\sdk\9.0.306\Microsoft.Common.CurrentVersion.targets(4916,5): warning MSB3026: No se pudo copiar "obj\Debug\net8.0\REPS-backend.dll" en "bin\Debug\net8.0\REPS-backend.dll". Se iniciar├í el reintento 2 dentro de 1000ms. The process cannot access the file 'C:\CLASE\REPS\REPS-backend\bin\Debug\net8.0\REPS-backend.dll' because it is being used by another process. El archivo se ha bloqueado por: "netcoredbg (14328), .NET Host (15684)" [C:\CLASE\REPS\REPS-backend\REPS-backend.csproj]
C:\Program Files\dotnet\sdk\9.0.306\Microsoft.Common.CurrentVersion.targets(4916,5): warning MSB3026: No se pudo copiar "obj\Debug\net8.0\REPS-backend.dll" en "bin\Debug\net8.0\REPS-backend.dll". Se iniciar├í el reintento 3 dentro de 1000ms. The process cannot access the file 'C:\CLASE\REPS\REPS-backend\bin\Debug\net8.0\REPS-backend.dll' because it is being used by another process. El archivo se ha bloqueado por: "netcoredbg (14328), .NET Host (15684)" [C:\CLASE\REPS\REPS-backend\REPS-backend.csproj]
C:\Program Files\dotnet\sdk\9.0.306\Microsoft.Common.CurrentVersion.targets(4916,5): warning MSB3026: No se pudo copiar "obj\Debug\net8.0\REPS-backend.dll" en "bin\Debug\net8.0\REPS-backend.dll". Se iniciar├í el reintento 4 dentro de 1000ms. The process cannot access the file 'C:\CLASE\REPS\REPS-backend\bin\Debug\net8.0\REPS-backend.dll' because it is being used by another process. El archivo se ha bloqueado por: "netcoredbg (14328), .NET Host (15684)" [C:\CLASE\REPS\REPS-backend\REPS-backend.csproj]
C:\Program Files\dotnet\sdk\9.0.306\Microsoft.Common.CurrentVersion.targets(4916,5): warning MSB3026: No se pudo copiar "obj\Debug\net8.0\REPS-backend.dll" en "bin\Debug\net8.0\REPS-backend.dll". Se iniciar├í el reintento 5 dentro de 1000ms. The process cannot access the file 'C:\CLASE\REPS\REPS-backend\bin\Debug\net8.0\REPS-backend.dll' because it is being used by another process. El archivo se ha bloqueado por: "netcoredbg (14328), .NET Host (15684)" [C:\CLASE\REPS\REPS-backend\REPS-backend.csproj]
C:\Program Files\dotnet\sdk\9.0.306\Microsoft.Common.CurrentVersion.targets(4916,5): warning MSB3026: No se pudo copiar "obj\Debug\net8.0\REPS-backend.dll" en "bin\Debug\net8.0\REPS-backend.dll". Se iniciar├í el reintento 6 dentro de 1000ms. The process cannot access the file 'C:\CLASE\REPS\REPS-backend\bin\Debug\net8.0\REPS-backend.dll' because it is being used by another process. El archivo se ha bloqueado por: "netcoredbg (14328), .NET Host (15684)" [C:\CLASE\REPS\REPS-backend\REPS-backend.csproj]
C:\Program Files\dotnet\sdk\9.0.306\Microsoft.Common.CurrentVersion.targets(4916,5): warning MSB3026: No se pudo copiar "obj\Debug\net8.0\REPS-backend.dll" en "bin\Debug\net8.0\REPS-backend.dll". Se iniciar├í el reintento 7 dentro de 1000ms. The process cannot access the file 'C:\CLASE\REPS\REPS-backend\bin\Debug\net8.0\REPS-backend.dll' because it is being used by another process. El archivo se ha bloqueado por: "netcoredbg (14328), .NET Host (15684)" [C:\CLASE\REPS\REPS-backend\REPS-backend.csproj]
C:\Program Files\dotnet\sdk\9.0.306\Microsoft.Common.CurrentVersion.targets(4916,5): warning MSB3026: No se pudo copiar "obj\Debug\net8.0\REPS-backend.dll" en "bin\Debug\net8.0\REPS-backend.dll". Se iniciar├í el reintento 8 dentro de 1000ms. The process cannot access the file 'C:\CLASE\REPS\REPS-backend\bin\Debug\net8.0\REPS-backend.dll' because it is being used by another process. El archivo se ha bloqueado por: "netcoredbg (14328), .NET Host (15684)" [C:\CLASE\REPS\REPS-backend\REPS-backend.csproj]
C:\Program Files\dotnet\sdk\9.0.306\Microsoft.Common.CurrentVersion.targets(4916,5): warning MSB3026: No se pudo copiar "obj\Debug\net8.0\REPS-backend.dll" en "bin\Debug\net8.0\REPS-backend.dll". Se iniciar├í el reintento 9 dentro de 1000ms. The process cannot access the file 'C:\CLASE\REPS\REPS-backend\bin\Debug\net8.0\REPS-backend.dll' because it is being used by another process. El archivo se ha bloqueado por: "netcoredbg (14328), .NET Host (15684)" [C:\CLASE\REPS\REPS-backend\REPS-backend.csproj]
C:\Program Files\dotnet\sdk\9.0.306\Microsoft.Common.CurrentVersion.targets(4916,5): warning MSB3026: No se pudo copiar "obj\Debug\net8.0\REPS-backend.dll" en "bin\Debug\net8.0\REPS-backend.dll". Se iniciar├í el reintento 10 dentro de 1000ms. The process cannot access the file 'C:\CLASE\REPS\REPS-backend\bin\Debug\net8.0\REPS-backend.dll' because it is being used by another process. El archivo se ha bloqueado por: "netcoredbg (14328), .NET Host (15684)" [C:\CLASE\REPS\REPS-backend\REPS-backend.csproj]
C:\Program Files\dotnet\sdk\9.0.306\Microsoft.Common.CurrentVersion.targets(4916,5): error MSB3027: No se pudo copiar "obj\Debug\net8.0\REPS-backend.dll" en "bin\Debug\net8.0\REPS-backend.dll". Se super├│ el n├║mero de 10 reintentos. Error. El archivo se ha bloqueado por: "netcoredbg (14328), .NET Host (15684)" [C:\CLASE\REPS\REPS-backend\REPS-backend.csproj]
C:\Program Files\dotnet\sdk\9.0.306\Microsoft.Common.CurrentVersion.targets(4916,5): error MSB3021: No se puede copiar "obj\Debug\net8.0\REPS-backend.dll" en "bin\Debug\net8.0\REPS-backend.dll". The process cannot access the file 'C:\CLASE\REPS\REPS-backend\bin\Debug\net8.0\REPS-backend.dll' because it is being used by another process. [C:\CLASE\REPS\REPS-backend\REPS-backend.csproj]
    10 Advertencia(s)
    2 Errores

Tiempo transcurrido 00:00:11.97
