  Determinando los proyectos que se van a restaurar...
D:\a\Front\REPS-backend.csproj : warning NU1902: El paquete "System.IdentityModel.Tokens.Jwt" 7.0.3 tiene una vulnerabilidad de gravedad moderada conocida, https://github.com/advisories/GHSA-59j7-ghrg-fj52 [D:\a\Front\REPS-backend.sln]
  Todos los proyectos est├ín actualizados para la restauraci├│n.
D:\a\Front\REPS-backend.csproj : warning NU1902: El paquete "System.IdentityModel.Tokens.Jwt" 7.0.3 tiene una vulnerabilidad de gravedad moderada conocida, https://github.com/advisories/GHSA-59j7-ghrg-fj52
C:\Program Files\dotnet\sdk\9.0.306\Microsoft.Common.CurrentVersion.targets(5394,5): warning MSB3026: No se pudo copiar "D:\a\Front\obj\Debug\net8.0\apphost.exe" en "bin\Debug\net8.0\REPS-backend.exe". Se iniciar├í el reintento 1 dentro de 1000ms. The process cannot access the file 'D:\a\Front\bin\Debug\net8.0\REPS-backend.exe' because it is being used by another process. El archivo se ha bloqueado por: "REPS-backend (25496)" [D:\a\Front\REPS-backend.csproj]
C:\Program Files\dotnet\sdk\9.0.306\Microsoft.Common.CurrentVersion.targets(5394,5): warning MSB3026: No se pudo copiar "D:\a\Front\obj\Debug\net8.0\apphost.exe" en "bin\Debug\net8.0\REPS-backend.exe". Se iniciar├í el reintento 2 dentro de 1000ms. The process cannot access the file 'D:\a\Front\bin\Debug\net8.0\REPS-backend.exe' because it is being used by another process. El archivo se ha bloqueado por: "REPS-backend (25496)" [D:\a\Front\REPS-backend.csproj]
C:\Program Files\dotnet\sdk\9.0.306\Microsoft.Common.CurrentVersion.targets(5394,5): warning MSB3026: No se pudo copiar "D:\a\Front\obj\Debug\net8.0\apphost.exe" en "bin\Debug\net8.0\REPS-backend.exe". Se iniciar├í el reintento 3 dentro de 1000ms. The process cannot access the file 'D:\a\Front\bin\Debug\net8.0\REPS-backend.exe' because it is being used by another process. El archivo se ha bloqueado por: "REPS-backend (25496)" [D:\a\Front\REPS-backend.csproj]
C:\Program Files\dotnet\sdk\9.0.306\Microsoft.Common.CurrentVersion.targets(5394,5): warning MSB3026: No se pudo copiar "D:\a\Front\obj\Debug\net8.0\apphost.exe" en "bin\Debug\net8.0\REPS-backend.exe". Se iniciar├í el reintento 4 dentro de 1000ms. The process cannot access the file 'D:\a\Front\bin\Debug\net8.0\REPS-backend.exe' because it is being used by another process. El archivo se ha bloqueado por: "REPS-backend (25496)" [D:\a\Front\REPS-backend.csproj]
C:\Program Files\dotnet\sdk\9.0.306\Microsoft.Common.CurrentVersion.targets(5394,5): warning MSB3026: No se pudo copiar "D:\a\Front\obj\Debug\net8.0\apphost.exe" en "bin\Debug\net8.0\REPS-backend.exe". Se iniciar├í el reintento 5 dentro de 1000ms. The process cannot access the file 'D:\a\Front\bin\Debug\net8.0\REPS-backend.exe' because it is being used by another process. El archivo se ha bloqueado por: "REPS-backend (25496)" [D:\a\Front\REPS-backend.csproj]
C:\Program Files\dotnet\sdk\9.0.306\Microsoft.Common.CurrentVersion.targets(5394,5): warning MSB3026: No se pudo copiar "D:\a\Front\obj\Debug\net8.0\apphost.exe" en "bin\Debug\net8.0\REPS-backend.exe". Se iniciar├í el reintento 6 dentro de 1000ms. The process cannot access the file 'D:\a\Front\bin\Debug\net8.0\REPS-backend.exe' because it is being used by another process. El archivo se ha bloqueado por: "REPS-backend (25496)" [D:\a\Front\REPS-backend.csproj]
C:\Program Files\dotnet\sdk\9.0.306\Microsoft.Common.CurrentVersion.targets(5394,5): warning MSB3026: No se pudo copiar "D:\a\Front\obj\Debug\net8.0\apphost.exe" en "bin\Debug\net8.0\REPS-backend.exe". Se iniciar├í el reintento 7 dentro de 1000ms. The process cannot access the file 'D:\a\Front\bin\Debug\net8.0\REPS-backend.exe' because it is being used by another process. El archivo se ha bloqueado por: "REPS-backend (25496)" [D:\a\Front\REPS-backend.csproj]
C:\Program Files\dotnet\sdk\9.0.306\Microsoft.Common.CurrentVersion.targets(5394,5): warning MSB3026: No se pudo copiar "D:\a\Front\obj\Debug\net8.0\apphost.exe" en "bin\Debug\net8.0\REPS-backend.exe". Se iniciar├í el reintento 8 dentro de 1000ms. The process cannot access the file 'D:\a\Front\bin\Debug\net8.0\REPS-backend.exe' because it is being used by another process. El archivo se ha bloqueado por: "REPS-backend (25496)" [D:\a\Front\REPS-backend.csproj]
C:\Program Files\dotnet\sdk\9.0.306\Microsoft.Common.CurrentVersion.targets(5394,5): warning MSB3026: No se pudo copiar "D:\a\Front\obj\Debug\net8.0\apphost.exe" en "bin\Debug\net8.0\REPS-backend.exe". Se iniciar├í el reintento 9 dentro de 1000ms. The process cannot access the file 'D:\a\Front\bin\Debug\net8.0\REPS-backend.exe' because it is being used by another process. El archivo se ha bloqueado por: "REPS-backend (25496)" [D:\a\Front\REPS-backend.csproj]
C:\Program Files\dotnet\sdk\9.0.306\Microsoft.Common.CurrentVersion.targets(5394,5): warning MSB3026: No se pudo copiar "D:\a\Front\obj\Debug\net8.0\apphost.exe" en "bin\Debug\net8.0\REPS-backend.exe". Se iniciar├í el reintento 10 dentro de 1000ms. The process cannot access the file 'D:\a\Front\bin\Debug\net8.0\REPS-backend.exe' because it is being used by another process. El archivo se ha bloqueado por: "REPS-backend (25496)" [D:\a\Front\REPS-backend.csproj]
C:\Program Files\dotnet\sdk\9.0.306\Microsoft.Common.CurrentVersion.targets(5394,5): error MSB3027: No se pudo copiar "D:\a\Front\obj\Debug\net8.0\apphost.exe" en "bin\Debug\net8.0\REPS-backend.exe". Se super├│ el n├║mero de 10 reintentos. Error. El archivo se ha bloqueado por: "REPS-backend (25496)" [D:\a\Front\REPS-backend.csproj]
C:\Program Files\dotnet\sdk\9.0.306\Microsoft.Common.CurrentVersion.targets(5394,5): error MSB3021: No se puede copiar "D:\a\Front\obj\Debug\net8.0\apphost.exe" en "bin\Debug\net8.0\REPS-backend.exe". The process cannot access the file 'D:\a\Front\bin\Debug\net8.0\REPS-backend.exe' because it is being used by another process. [D:\a\Front\REPS-backend.csproj]

ERROR al compilar.

D:\a\Front\REPS-backend.csproj : warning NU1902: El paquete "System.IdentityModel.Tokens.Jwt" 7.0.3 tiene una vulnerabilidad de gravedad moderada conocida, https://github.com/advisories/GHSA-59j7-ghrg-fj52 [D:\a\Front\REPS-backend.sln]
D:\a\Front\REPS-backend.csproj : warning NU1902: El paquete "System.IdentityModel.Tokens.Jwt" 7.0.3 tiene una vulnerabilidad de gravedad moderada conocida, https://github.com/advisories/GHSA-59j7-ghrg-fj52
C:\Program Files\dotnet\sdk\9.0.306\Microsoft.Common.CurrentVersion.targets(5394,5): warning MSB3026: No se pudo copiar "D:\a\Front\obj\Debug\net8.0\apphost.exe" en "bin\Debug\net8.0\REPS-backend.exe". Se iniciar├í el reintento 1 dentro de 1000ms. The process cannot access the file 'D:\a\Front\bin\Debug\net8.0\REPS-backend.exe' because it is being used by another process. El archivo se ha bloqueado por: "REPS-backend (25496)" [D:\a\Front\REPS-backend.csproj]
C:\Program Files\dotnet\sdk\9.0.306\Microsoft.Common.CurrentVersion.targets(5394,5): warning MSB3026: No se pudo copiar "D:\a\Front\obj\Debug\net8.0\apphost.exe" en "bin\Debug\net8.0\REPS-backend.exe". Se iniciar├í el reintento 2 dentro de 1000ms. The process cannot access the file 'D:\a\Front\bin\Debug\net8.0\REPS-backend.exe' because it is being used by another process. El archivo se ha bloqueado por: "REPS-backend (25496)" [D:\a\Front\REPS-backend.csproj]
C:\Program Files\dotnet\sdk\9.0.306\Microsoft.Common.CurrentVersion.targets(5394,5): warning MSB3026: No se pudo copiar "D:\a\Front\obj\Debug\net8.0\apphost.exe" en "bin\Debug\net8.0\REPS-backend.exe". Se iniciar├í el reintento 3 dentro de 1000ms. The process cannot access the file 'D:\a\Front\bin\Debug\net8.0\REPS-backend.exe' because it is being used by another process. El archivo se ha bloqueado por: "REPS-backend (25496)" [D:\a\Front\REPS-backend.csproj]
C:\Program Files\dotnet\sdk\9.0.306\Microsoft.Common.CurrentVersion.targets(5394,5): warning MSB3026: No se pudo copiar "D:\a\Front\obj\Debug\net8.0\apphost.exe" en "bin\Debug\net8.0\REPS-backend.exe". Se iniciar├í el reintento 4 dentro de 1000ms. The process cannot access the file 'D:\a\Front\bin\Debug\net8.0\REPS-backend.exe' because it is being used by another process. El archivo se ha bloqueado por: "REPS-backend (25496)" [D:\a\Front\REPS-backend.csproj]
C:\Program Files\dotnet\sdk\9.0.306\Microsoft.Common.CurrentVersion.targets(5394,5): warning MSB3026: No se pudo copiar "D:\a\Front\obj\Debug\net8.0\apphost.exe" en "bin\Debug\net8.0\REPS-backend.exe". Se iniciar├í el reintento 5 dentro de 1000ms. The process cannot access the file 'D:\a\Front\bin\Debug\net8.0\REPS-backend.exe' because it is being used by another process. El archivo se ha bloqueado por: "REPS-backend (25496)" [D:\a\Front\REPS-backend.csproj]
C:\Program Files\dotnet\sdk\9.0.306\Microsoft.Common.CurrentVersion.targets(5394,5): warning MSB3026: No se pudo copiar "D:\a\Front\obj\Debug\net8.0\apphost.exe" en "bin\Debug\net8.0\REPS-backend.exe". Se iniciar├í el reintento 6 dentro de 1000ms. The process cannot access the file 'D:\a\Front\bin\Debug\net8.0\REPS-backend.exe' because it is being used by another process. El archivo se ha bloqueado por: "REPS-backend (25496)" [D:\a\Front\REPS-backend.csproj]
C:\Program Files\dotnet\sdk\9.0.306\Microsoft.Common.CurrentVersion.targets(5394,5): warning MSB3026: No se pudo copiar "D:\a\Front\obj\Debug\net8.0\apphost.exe" en "bin\Debug\net8.0\REPS-backend.exe". Se iniciar├í el reintento 7 dentro de 1000ms. The process cannot access the file 'D:\a\Front\bin\Debug\net8.0\REPS-backend.exe' because it is being used by another process. El archivo se ha bloqueado por: "REPS-backend (25496)" [D:\a\Front\REPS-backend.csproj]
C:\Program Files\dotnet\sdk\9.0.306\Microsoft.Common.CurrentVersion.targets(5394,5): warning MSB3026: No se pudo copiar "D:\a\Front\obj\Debug\net8.0\apphost.exe" en "bin\Debug\net8.0\REPS-backend.exe". Se iniciar├í el reintento 8 dentro de 1000ms. The process cannot access the file 'D:\a\Front\bin\Debug\net8.0\REPS-backend.exe' because it is being used by another process. El archivo se ha bloqueado por: "REPS-backend (25496)" [D:\a\Front\REPS-backend.csproj]
C:\Program Files\dotnet\sdk\9.0.306\Microsoft.Common.CurrentVersion.targets(5394,5): warning MSB3026: No se pudo copiar "D:\a\Front\obj\Debug\net8.0\apphost.exe" en "bin\Debug\net8.0\REPS-backend.exe". Se iniciar├í el reintento 9 dentro de 1000ms. The process cannot access the file 'D:\a\Front\bin\Debug\net8.0\REPS-backend.exe' because it is being used by another process. El archivo se ha bloqueado por: "REPS-backend (25496)" [D:\a\Front\REPS-backend.csproj]
C:\Program Files\dotnet\sdk\9.0.306\Microsoft.Common.CurrentVersion.targets(5394,5): warning MSB3026: No se pudo copiar "D:\a\Front\obj\Debug\net8.0\apphost.exe" en "bin\Debug\net8.0\REPS-backend.exe". Se iniciar├í el reintento 10 dentro de 1000ms. The process cannot access the file 'D:\a\Front\bin\Debug\net8.0\REPS-backend.exe' because it is being used by another process. El archivo se ha bloqueado por: "REPS-backend (25496)" [D:\a\Front\REPS-backend.csproj]
C:\Program Files\dotnet\sdk\9.0.306\Microsoft.Common.CurrentVersion.targets(5394,5): error MSB3027: No se pudo copiar "D:\a\Front\obj\Debug\net8.0\apphost.exe" en "bin\Debug\net8.0\REPS-backend.exe". Se super├│ el n├║mero de 10 reintentos. Error. El archivo se ha bloqueado por: "REPS-backend (25496)" [D:\a\Front\REPS-backend.csproj]
C:\Program Files\dotnet\sdk\9.0.306\Microsoft.Common.CurrentVersion.targets(5394,5): error MSB3021: No se puede copiar "D:\a\Front\obj\Debug\net8.0\apphost.exe" en "bin\Debug\net8.0\REPS-backend.exe". The process cannot access the file 'D:\a\Front\bin\Debug\net8.0\REPS-backend.exe' because it is being used by another process. [D:\a\Front\REPS-backend.csproj]
    12 Advertencia(s)
    2 Errores

Tiempo transcurrido 00:00:12.91
